###############################################################################
#
# IAR ELF Linker V9.10.2.313/W64 for ARM                  17/Sep/2021  23:05:27
# Copyright 2007-2021 IAR Systems AB.
#
#    Output file  =
#        E:\workspace\stm32\morion_test\morion_test_iar\Debug\Exe\morion_test.out
#    Map file     =
#        E:\workspace\stm32\morion_test\morion_test_iar\Debug\List\morion_test.map
#    Command line =
#        -f
#        E:\workspace\stm32\morion_test\morion_test_iar\Debug\Exe\morion_test.out.rsp
#        (E:\workspace\stm32\morion_test\morion_test_iar\Debug\Obj\core\src\main.o
#        E:\workspace\stm32\morion_test\morion_test_iar\Debug\Obj\Startup\startup_stm32l011xx.o
#        E:\workspace\stm32\morion_test\morion_test_iar\Debug\Obj\CMSIS\src\system_stm32l0xx.o
#        --no_out_extension -o
#        E:\workspace\stm32\morion_test\morion_test_iar\Debug\Exe\morion_test.out
#        --redirect _Printf=_PrintfFullNoMb --redirect _Scanf=_ScanfFullNoMb
#        --map
#        E:\workspace\stm32\morion_test\morion_test_iar\Debug\List\morion_test.map
#        --config
#        E:\workspace\stm32\morion_test\morion_test_iar\startup\stm32l011xx_flash.icf
#        --semihosting --entry __iar_program_start --vfe --text_out locale)
#
###############################################################################

*******************************************************************************
*** RUNTIME MODEL ATTRIBUTES
***

CppFlavor       = *
__SystemLibrary = DLib
__dlib_version  = 6


*******************************************************************************
*** HEAP SELECTION
***

The basic heap was selected because no calls to memory allocation
functions were found in the application outside of system library
functions, and there are calls to deallocation functions in the
application.


*******************************************************************************
*** PLACEMENT SUMMARY
***

"A0":  place at address 0x800'0000 { ro section .intvec };
"P1":  place in [from 0x800'0000 to 0x800'3fff] { ro };
define block CSTACK with size = 1K, alignment = 8 { };
define block HEAP with size = 512, alignment = 8 { };
"P2":  place in [from 0x2000'0000 to 0x2000'07ff] {
          rw, block CSTACK, block HEAP };
initialize by copy { rw };

  Section            Kind         Address   Size  Object
  -------            ----         -------   ----  ------
"A0":                                       0xc0
  .intvec            ro code   0x800'0000   0xc0  startup_stm32l011xx.o [2]
                             - 0x800'00c0   0xc0

"P1":                                      0x512
  .text              ro code   0x800'00c0  0x1f4  main.o [3]
  .text              ro code   0x800'02b4  0x110  system_stm32l0xx.o [1]
  .text              ro code   0x800'03c4   0xae  I32DivModFast.o [5]
  .text              ro code   0x800'0472    0x2  startup_stm32l011xx.o [2]
  .text              ro code   0x800'0474    0x2  IntDivZer.o [5]
  .text              ro code   0x800'0476    0x2  startup_stm32l011xx.o [2]
  .text              ro code   0x800'0478   0x3c  startup_stm32l011xx.o [2]
  .text              ro code   0x800'04b4   0x30  copy_init3.o [5]
  .text              ro code   0x800'04e4   0x28  data_init.o [5]
  .iar.init_table    const     0x800'050c   0x14  - Linker created -
  .text              ro code   0x800'0520   0x1e  cmain.o [5]
  .text              ro code   0x800'053e    0x4  low_level_init.o [4]
  .text              ro code   0x800'0542    0x8  exit.o [4]
  .text              ro code   0x800'054a    0x2  startup_stm32l011xx.o [2]
  .text              ro code   0x800'054c    0xa  cexit.o [5]
  .text              ro code   0x800'0556    0x2  startup_stm32l011xx.o [2]
  .text              ro code   0x800'0558   0x14  exit.o [6]
  .text              ro code   0x800'056c   0x1c  cstartup_M.o [5]
  .rodata            const     0x800'0588   0x10  system_stm32l0xx.o [1]
  .rodata            const     0x800'0598    0xc  system_stm32l0xx.o [1]
  Initializer bytes  const     0x800'05a4    0x8  <for P2-1>
  .text              ro code   0x800'05ac    0x2  startup_stm32l011xx.o [2]
  .text              ro code   0x800'05ae    0x2  startup_stm32l011xx.o [2]
  .text              ro code   0x800'05b0    0x2  startup_stm32l011xx.o [2]
  .text              ro code   0x800'05b2    0x2  startup_stm32l011xx.o [2]
  .text              ro code   0x800'05b4    0x2  startup_stm32l011xx.o [2]
  .text              ro code   0x800'05b6    0x2  startup_stm32l011xx.o [2]
  .text              ro code   0x800'05b8    0x2  startup_stm32l011xx.o [2]
  .text              ro code   0x800'05ba    0x2  startup_stm32l011xx.o [2]
  .text              ro code   0x800'05bc    0x2  startup_stm32l011xx.o [2]
  .text              ro code   0x800'05be    0x2  startup_stm32l011xx.o [2]
  .text              ro code   0x800'05c0    0x2  startup_stm32l011xx.o [2]
  .text              ro code   0x800'05c2    0x2  startup_stm32l011xx.o [2]
  .text              ro code   0x800'05c4    0x2  startup_stm32l011xx.o [2]
  .text              ro code   0x800'05c6    0x2  startup_stm32l011xx.o [2]
  .text              ro code   0x800'05c8    0x2  startup_stm32l011xx.o [2]
  .text              ro code   0x800'05ca    0x2  startup_stm32l011xx.o [2]
  .text              ro code   0x800'05cc    0x2  startup_stm32l011xx.o [2]
  .text              ro code   0x800'05ce    0x2  startup_stm32l011xx.o [2]
  .text              ro code   0x800'05d0    0x2  startup_stm32l011xx.o [2]
  .rodata            const     0x800'05d2    0x0  copy_init3.o [5]
                             - 0x800'05d2  0x512

"P2", part 1 of 2:                           0x8
  P2-1                        0x2000'0000    0x8  <Init block>
    .data            inited   0x2000'0000    0x4  system_stm32l0xx.o [1]
    .bss             inited   0x2000'0004    0x4  main.o [3]
                            - 0x2000'0008    0x8

"P2", part 2 of 2:                         0x400
  CSTACK                      0x2000'0008  0x400  <Block>
    CSTACK           uninit   0x2000'0008  0x400  <Block tail>
                            - 0x2000'0408  0x400

Unused ranges:

         From           To    Size
         ----           --    ----
   0x800'05d2   0x800'3fff  0x3a2e
  0x2000'0408  0x2000'07ff   0x3f8


*******************************************************************************
*** INIT TABLE
***

          Address      Size
          -------      ----
Copy (__iar_copy_init3)
    1 source range, total size 0x8:
           0x800'05a4   0x8
    1 destination range, total size 0x8:
          0x2000'0000   0x8



*******************************************************************************
*** MODULE SUMMARY
***

    Module                 ro code  ro data  rw data
    ------                 -------  -------  -------
command line/config:
    ------------------------------------------------
    Total:

E:\workspace\stm32\morion_test\morion_test_iar\Debug\Obj\CMSIS\src: [1]
    system_stm32l0xx.o         272       32        4
    ------------------------------------------------
    Total:                     272       32        4

E:\workspace\stm32\morion_test\morion_test_iar\Debug\Obj\Startup: [2]
    startup_stm32l011xx.o      298
    ------------------------------------------------
    Total:                     298

E:\workspace\stm32\morion_test\morion_test_iar\Debug\Obj\core\src: [3]
    main.o                     500        4        4
    ------------------------------------------------
    Total:                     500        4        4

dl6M_tln.a: [4]
    exit.o                       8
    low_level_init.o             4
    ------------------------------------------------
    Total:                      12

rt6M_tl.a: [5]
    I32DivModFast.o            174
    IntDivZer.o                  2
    cexit.o                     10
    cmain.o                     30
    copy_init3.o                48
    cstartup_M.o                28
    data_init.o                 40
    ------------------------------------------------
    Total:                     332

shb_l.a: [6]
    exit.o                      20
    ------------------------------------------------
    Total:                      20

    Linker created                       20    1'024
----------------------------------------------------
    Grand Total:             1'434       56    1'032


*******************************************************************************
*** ENTRY LIST
***

Entry                       Address  Size  Type      Object
-----                       -------  ----  ----      ------
.iar.init_table$$Base    0x800'050c         --   Gb  - Linker created -
.iar.init_table$$Limit   0x800'0520         --   Gb  - Linker created -
?main                    0x800'0521        Code  Gb  cmain.o [5]
AHBPrescTable            0x800'0588  0x10  Data  Gb  system_stm32l0xx.o [1]
CSTACK$$Base            0x2000'0008         --   Gb  - Linker created -
CSTACK$$Limit           0x2000'0408         --   Gb  - Linker created -
PLLMulTable              0x800'0598   0xc  Data  Gb  system_stm32l0xx.o [1]
Region$$Table$$Base      0x800'050c         --   Gb  - Linker created -
Region$$Table$$Limit     0x800'0520         --   Gb  - Linker created -
Setup_MCU                0x800'0181  0xae  Code  Gb  main.o [3]
SysTick_Config           0x800'014f  0x32  Code  Lc  main.o [3]
SysTick_Handler          0x800'0271   0xc  Code  Gb  main.o [3]
SystemCoreClock         0x2000'0000   0x4  Data  Gb  system_stm32l0xx.o [1]
SystemCoreClockUpdate    0x800'02b7  0xe8  Code  Gb  system_stm32l0xx.o [1]
SystemInit               0x800'02b5   0x2  Code  Gb  system_stm32l0xx.o [1]
__NVIC_SetPriority       0x800'00c1  0x8e  Code  Lc  main.o [3]
__aeabi_idiv0            0x800'0475        Code  Gb  IntDivZer.o [5]
__aeabi_uidiv            0x800'03c5        Code  Gb  I32DivModFast.o [5]
__aeabi_uidivmod         0x800'03c5        Code  Gb  I32DivModFast.o [5]
__cmain                  0x800'0521        Code  Gb  cmain.o [5]
__exit                   0x800'0559  0x14  Code  Gb  exit.o [6]
__iar_copy_init3         0x800'04b5  0x30  Code  Gb  copy_init3.o [5]
__iar_data_init3         0x800'04e5  0x28  Code  Gb  data_init.o [5]
__iar_program_start      0x800'056d        Code  Gb  cstartup_M.o [5]
__low_level_init         0x800'053f   0x4  Code  Gb  low_level_init.o [4]
__vector_table           0x800'0000        Data  Gb  startup_stm32l011xx.o [2]
_call_main               0x800'052d        Code  Gb  cmain.o [5]
_exit                    0x800'054d        Code  Gb  cexit.o [5]
exit                     0x800'0543   0x8  Code  Gb  exit.o [4]
main                     0x800'022f  0x42  Code  Gb  main.o [3]
systick                 0x2000'0004   0x4  Data  Gb  main.o [3]


[1] = E:\workspace\stm32\morion_test\morion_test_iar\Debug\Obj\CMSIS\src
[2] = E:\workspace\stm32\morion_test\morion_test_iar\Debug\Obj\Startup
[3] = E:\workspace\stm32\morion_test\morion_test_iar\Debug\Obj\core\src
[4] = dl6M_tln.a
[5] = rt6M_tl.a
[6] = shb_l.a

  1'434 bytes of readonly  code memory
     56 bytes of readonly  data memory
  1'032 bytes of readwrite data memory

Errors: none
Warnings: none
